../Core/Src/main.c:110:6:CLK	8	static
../Core/Src/main.c:116:6:LATCH	8	static
../Core/Src/main.c:122:6:DATA	16	static
../Core/Src/main.c:135:6:pushHEX	24	static
../Core/Src/main.c:147:5:checkHexValue	24	static
../Core/Src/main.c:171:6:shiftDataLedMatrix	72	static
../Core/Src/main.c:242:6:displayshiftMatrix	32	static
../Core/Src/main.c:251:6:displayStandStillMatrix	40	static
../Core/Src/main.c:288:5:main	8	static
../Core/Src/main.c:333:6:SystemClock_Config	72	static
../Core/Src/main.c:373:13:MX_GPIO_Init	32	static
../Core/Src/main.c:401:6:Error_Handler	4	static,ignoring_inline_asm
