../Core/Src/main.c:68:6:delay	16	static
../Core/Src/main.c:73:6:Set_Pin_Output	40	static
../Core/Src/main.c:86:6:Set_Pin_Input	40	static
../Core/Src/main.c:96:6:DHT11_Start	8	static
../Core/Src/main.c:105:9:DHT11_Check_Response	16	static
../Core/Src/main.c:122:9:DHT11_Read	16	static
../Core/Src/main.c:145:5:main	48	static
../Core/Src/main.c:208:6:SystemClock_Config	72	static
../Core/Src/main.c:248:13:MX_TIM2_Init	32	static
../Core/Src/main.c:293:13:MX_GPIO_Init	40	static
../Core/Src/main.c:325:6:Error_Handler	4	static,ignoring_inline_asm
