10:01:24 **** Incremental Build of configuration Debug for project GPIO_LED ****
make -j8 all 
arm-none-eabi-size   GPIO_LED.elf 
   text	   data	    bss	    dec	    hex	filename
   4644	     20	   1572	   6236	   185c	GPIO_LED.elf
Finished building: default.size.stdout
 
10:01:26 **** Incremental Build of configuration Debug for project GPIO_LED ****
make -j8 all 
arm-none-eabi-size   GPIO_LED.elf 
   text	   data	    bss	    dec	    hex	filename
   4644	     20	   1572	   6236	   185c	GPIO_LED.elf
Finished building: default.size.stdout
 
10:01:55 **** Incremental Build of configuration Debug for project GPIO_LED ****
make -j8 all 
arm-none-eabi-size   GPIO_LED.elf 
   text	   data	    bss	    dec	    hex	filename
   4644	     20	   1572	   6236	   185c	GPIO_LED.elf
Finished building: default.size.stdout
 
10:04:28 **** Incremental Build of configuration Debug for project GPIO_LED ****
make -j8 all 
arm-none-eabi-size   GPIO_LED.elf 
   text	   data	    bss	    dec	    hex	filename
   4644	     20	   1572	   6236	   185c	GPIO_LED.elf
Finished building: default.size.stdout
 
10:04:44 **** Incremental Build of configuration Debug for project GPIO_LED ****
make -j8 all 
arm-none-eabi-size   GPIO_LED.elf 
   text	   data	    bss	    dec	    hex	filename
   4644	     20	   1572	   6236	   185c	GPIO_LED.elf
Finished building: default.size.stdout
 
10:05:56 **** Incremental Build of configuration Debug for project GPIO_LED ****
make -j8 all 
arm-none-eabi-size   GPIO_LED.elf 
   text	   data	    bss	    dec	    hex	filename
   4644	     20	   1572	   6236	   185c	GPIO_LED.elf
Finished building: default.size.stdout
 
10:07:07 **** Incremental Build of configuration Debug for project GPIO_LED ****
make -j8 all 
arm-none-eabi-size   GPIO_LED.elf 
   text	   data	    bss	    dec	    hex	filename
   4644	     20	   1572	   6236	   185c	GPIO_LED.elf
Finished building: default.size.stdout
 
10:16:17 **** Incremental Build of configuration Debug for project SPI_RFID ****
make -j8 all 
arm-none-eabi-size   SPI_RFID.elf 
   text	   data	    bss	    dec	    hex	filename
  32116	    496	   1808	  34420	   8674	SPI_RFID.elf
Finished building: default.size.stdout
 
19:49:48 **** Build of configuration Debug for project SPI_RFID ****
make -j8 all 
arm-none-eabi-size   SPI_RFID.elf 
   text	   data	    bss	    dec	    hex	filename
  32116	    496	   1808	  34420	   8674	SPI_RFID.elf
Finished building: default.size.stdout
 
19:50:23 **** Incremental Build of configuration Debug for project SPI_RFID ****
make -j8 all 
arm-none-eabi-size   SPI_RFID.elf 
   text	   data	    bss	    dec	    hex	filename
  32116	    496	   1808	  34420	   8674	SPI_RFID.elf
Finished building: default.size.stdout
 
