09:34:52 **** Incremental Build of configuration Debug for project GPIO_EXTI_LED ****
make -j8 all 
arm-none-eabi-gcc "../Core/Src/main.c" -mcpu=cortex-m3 -std=gnu11 -g3 -DDEBUG -DUSE_HAL_DRIVER -DSTM32F103xB -c -I../Core/Inc -I../Drivers/STM32F1xx_HAL_Driver/Inc -I../Drivers/STM32F1xx_HAL_Driver/Inc/Legacy -I../Drivers/CMSIS/Device/ST/STM32F1xx/Include -I../Drivers/CMSIS/Include -O0 -ffunction-sections -fdata-sections -Wall -fstack-usage -MMD -MP -MF"Core/Src/main.d" -MT"Core/Src/main.o" --specs=nano.specs -mfloat-abi=soft -mthumb -o "Core/Src/main.o"
arm-none-eabi-gcc -o "GPIO_EXTI_LED.elf" @"objects.list"   -mcpu=cortex-m3 -T"E:\STM32F103C8T6_LuanVan_Laptrinh\GPIO_EXTI_LED\STM32F103C8TX_FLASH.ld" --specs=nosys.specs -Wl,-Map="GPIO_EXTI_LED.map" -Wl,--gc-sections -static --specs=nano.specs -mfloat-abi=soft -mthumb -Wl,--start-group -lc -lm -Wl,--end-group
Finished building target: GPIO_EXTI_LED.elf
 
arm-none-eabi-size   GPIO_EXTI_LED.elf 
arm-none-eabi-objdump -h -S  GPIO_EXTI_LED.elf  > "GPIO_EXTI_LED.list"
   text	   data	    bss	    dec	    hex	filename
   4920	     24	   1568	   6512	   1970	GPIO_EXTI_LED.elf
Finished building: default.size.stdout
 
Finished building: GPIO_EXTI_LED.list
 

09:34:52 Build Finished. 0 errors, 0 warnings. (took 411ms)

