09:31:41 **** Incremental Build of configuration Debug for project GPIO_BUTTON_LED ****
make -j8 all 
arm-none-eabi-gcc "../Core/Src/main.c" -mcpu=cortex-m3 -std=gnu11 -g3 -DDEBUG -DUSE_HAL_DRIVER -DSTM32F103xB -c -I../Core/Inc -I../Drivers/STM32F1xx_HAL_Driver/Inc -I../Drivers/STM32F1xx_HAL_Driver/Inc/Legacy -I../Drivers/CMSIS/Device/ST/STM32F1xx/Include -I../Drivers/CMSIS/Include -O0 -ffunction-sections -fdata-sections -Wall -fstack-usage -MMD -MP -MF"Core/Src/main.d" -MT"Core/Src/main.o" --specs=nano.specs -mfloat-abi=soft -mthumb -o "Core/Src/main.o"
arm-none-eabi-gcc -o "GPIO_BUTTON_LED.elf" @"objects.list"   -mcpu=cortex-m3 -T"E:\STM32F103C8T6_LuanVan_Laptrinh\GPIO_BUTTON_LED\STM32F103C8TX_FLASH.ld" --specs=nosys.specs -Wl,-Map="GPIO_BUTTON_LED.map" -Wl,--gc-sections -static --specs=nano.specs -mfloat-abi=soft -mthumb -Wl,--start-group -lc -lm -Wl,--end-group
Finished building target: GPIO_BUTTON_LED.elf
 
arm-none-eabi-size   GPIO_BUTTON_LED.elf 
arm-none-eabi-objdump -h -S  GPIO_BUTTON_LED.elf  > "GPIO_BUTTON_LED.list"
   text	   data	    bss	    dec	    hex	filename
   4740	     20	   1572	   6332	   18bc	GPIO_BUTTON_LED.elf
Finished building: default.size.stdout
 
Finished building: GPIO_BUTTON_LED.list
 

09:31:41 Build Finished. 0 errors, 0 warnings. (took 410ms)

