16:23:50 **** Incremental Build of configuration Debug for project LCD1602 ****
make -j8 all 
arm-none-eabi-gcc "../Core/Src/lcd_text.c" -mcpu=cortex-m3 -std=gnu11 -g3 -DDEBUG -DUSE_HAL_DRIVER -DSTM32F103xB -c -I../Core/Inc -I../Drivers/STM32F1xx_HAL_Driver/Inc -I../Drivers/STM32F1xx_HAL_Driver/Inc/Legacy -I../Drivers/CMSIS/Device/ST/STM32F1xx/Include -I../Drivers/CMSIS/Include -O0 -ffunction-sections -fdata-sections -Wall -fstack-usage -MMD -MP -MF"Core/Src/lcd_text.d" -MT"Core/Src/lcd_text.o" --specs=nano.specs -mfloat-abi=soft -mthumb -o "Core/Src/lcd_text.o"
arm-none-eabi-gcc "../Core/Src/main.c" -mcpu=cortex-m3 -std=gnu11 -g3 -DDEBUG -DUSE_HAL_DRIVER -DSTM32F103xB -c -I../Core/Inc -I../Drivers/STM32F1xx_HAL_Driver/Inc -I../Drivers/STM32F1xx_HAL_Driver/Inc/Legacy -I../Drivers/CMSIS/Device/ST/STM32F1xx/Include -I../Drivers/CMSIS/Include -O0 -ffunction-sections -fdata-sections -Wall -fstack-usage -MMD -MP -MF"Core/Src/main.d" -MT"Core/Src/main.o" --specs=nano.specs -mfloat-abi=soft -mthumb -o "Core/Src/main.o"
arm-none-eabi-gcc -o "LCD1602.elf" @"objects.list"   -mcpu=cortex-m3 -T"E:\STM32F103C8T6_LuanVan_Laptrinh\LCD1602\STM32F103C8TX_FLASH.ld" --specs=nosys.specs -Wl,-Map="LCD1602.map" -Wl,--gc-sections -static --specs=nano.specs -mfloat-abi=soft -mthumb -Wl,--start-group -lc -lm -Wl,--end-group
Finished building target: LCD1602.elf
 
arm-none-eabi-size   LCD1602.elf 
arm-none-eabi-objdump -h -S  LCD1602.elf  > "LCD1602.list"
   text	   data	    bss	    dec	    hex	filename
   5284	     20	   1572	   6876	   1adc	LCD1602.elf
Finished building: default.size.stdout
 
Finished building: LCD1602.list
 

16:23:51 Build Finished. 0 errors, 0 warnings. (took 469ms)

