09:21:30 **** Incremental Build of configuration Debug for project PWM_MotorDC ****
make -j8 all 
arm-none-eabi-gcc "../Core/Src/main.c" -mcpu=cortex-m3 -std=gnu11 -g3 -DDEBUG -DUSE_HAL_DRIVER -DSTM32F103xB -c -I../Core/Inc -I../Drivers/STM32F1xx_HAL_Driver/Inc -I../Drivers/STM32F1xx_HAL_Driver/Inc/Legacy -I../Drivers/CMSIS/Device/ST/STM32F1xx/Include -I../Drivers/CMSIS/Include -O0 -ffunction-sections -fdata-sections -Wall -fstack-usage -MMD -MP -MF"Core/Src/main.d" -MT"Core/Src/main.o" --specs=nano.specs -mfloat-abi=soft -mthumb -o "Core/Src/main.o"
arm-none-eabi-gcc -o "PWM_MotorDC.elf" @"objects.list"   -mcpu=cortex-m3 -T"E:\STM32F103C8T6_LuanVan_Laptrinh\PWM_MotorDC\STM32F103C8TX_FLASH.ld" --specs=nosys.specs -Wl,-Map="PWM_MotorDC.map" -Wl,--gc-sections -static --specs=nano.specs -mfloat-abi=soft -mthumb -Wl,--start-group -lc -lm -Wl,--end-group
Finished building target: PWM_MotorDC.elf
 
arm-none-eabi-size   PWM_MotorDC.elf 
arm-none-eabi-objdump -h -S  PWM_MotorDC.elf  > "PWM_MotorDC.list"
   text	   data	    bss	    dec	    hex	filename
   7040	     20	   1644	   8704	   2200	PWM_MotorDC.elf
Finished building: default.size.stdout
 
Finished building: PWM_MotorDC.list
 

09:21:30 Build Finished. 0 errors, 0 warnings. (took 473ms)

